[    0.000000] Initializing cgroup subsys cpuset
[    0.000000] Initializing cgroup subsys cpu
[    0.000000] Initializing cgroup subsys cpuacct
[    0.000000] Linux version 4.4.0-197-generic (buildd@lcy01-amd64-026) (gcc version 5.4.0 20160609 (Ubuntu 5.4.0-6ubuntu1~16.04.12) ) #229-Ubuntu SMP Wed Nov 25 11:05:42 UTC 2020 (Ubuntu 4.4.0-197.229-generic 4.4.241)
[    0.000000] Command line: BOOT_IMAGE=/boot/vmlinuz-4.4.0-197-generic root=LABEL=cloudimg-rootfs ro console=tty1 console=ttyS0
[    0.000000] KERNEL supported cpus:
[    0.000000]   Intel GenuineIntel
[    0.000000]   AMD AuthenticAMD
[    0.000000]   Centaur CentaurHauls
[    0.000000] x86/fpu: xstate_offset[2]:  576, xstate_sizes[2]:  256
[    0.000000] x86/fpu: Supporting XSAVE feature 0x01: 'x87 floating point registers'
[    0.000000] x86/fpu: Supporting XSAVE feature 0x02: 'SSE registers'
[    0.000000] x86/fpu: Supporting XSAVE feature 0x04: 'AVX registers'
[    0.000000] x86/fpu: Enabled xstate features 0x7, context size is 832 bytes, using 'standard' format.
[    0.000000] e820: BIOS-provided physical RAM map:
[    0.000000] BIOS-e820: [mem 0x0000000000000000-0x000000000009fbff] usable
[    0.000000] BIOS-e820: [mem 0x000000000009fc00-0x000000000009ffff] reserved
[    0.000000] BIOS-e820: [mem 0x00000000000f0000-0x00000000000fffff] reserved
[    0.000000] BIOS-e820: [mem 0x0000000000100000-0x000000003ffeffff] usable
[    0.000000] BIOS-e820: [mem 0x000000003fff0000-0x000000003fffffff] ACPI data
[    0.000000] BIOS-e820: [mem 0x00000000fec00000-0x00000000fec00fff] reserved
[    0.000000] BIOS-e820: [mem 0x00000000fee00000-0x00000000fee00fff] reserved
[    0.000000] BIOS-e820: [mem 0x00000000fffc0000-0x00000000ffffffff] reserved
[    0.000000] NX (Execute Disable) protection: active
[    0.000000] SMBIOS 2.5 present.
[    0.000000] Hypervisor detected: KVM
[    0.000000] e820: last_pfn = 0x3fff0 max_arch_pfn = 0x400000000
[    0.000000] MTRR: Disabled
[    0.000000] x86/PAT: MTRRs disabled, skipping PAT initialization too.
[    0.000000] CPU MTRRs all blank - virtualized system.
[    0.000000] x86/PAT: Configuration [0-7]: WB  WT  UC- UC  WB  WT  UC- UC  
[    0.000000] found SMP MP-table at [mem 0x0009fff0-0x0009ffff] mapped at [ffff88000009fff0]
[    0.000000] Scanning 1 areas for low memory corruption
[    0.000000] RAMDISK: [mem 0x362de000-0x37166fff]
[    0.000000] ACPI: Early table checksum verification disabled
[    0.000000] ACPI: RSDP 0x00000000000E0000 000024 (v02 VBOX  )
[    0.000000] ACPI: XSDT 0x000000003FFF0030 00003C (v01 VBOX   VBOXXSDT 00000001 ASL  00000061)
[    0.000000] ACPI: FACP 0x000000003FFF00F0 0000F4 (v04 VBOX   VBOXFACP 00000001 ASL  00000061)
[    0.000000] ACPI: DSDT 0x000000003FFF0470 002325 (v02 VBOX   VBOXBIOS 00000002 INTL 20190509)
[    0.000000] ACPI: FACS 0x000000003FFF0200 000040
[    0.000000] ACPI: FACS 0x000000003FFF0200 000040
[    0.000000] ACPI: APIC 0x000000003FFF0240 00005C (v02 VBOX   VBOXAPIC 00000001 ASL  00000061)
[    0.000000] ACPI: SSDT 0x000000003FFF02A0 0001CC (v01 VBOX   VBOXCPUT 00000002 INTL 20190509)
[    0.000000] No NUMA configuration found
[    0.000000] Faking a node at [mem 0x0000000000000000-0x000000003ffeffff]
[    0.000000] NODE_DATA(0) allocated [mem 0x3ffeb000-0x3ffeffff]
[    0.000000] kvm-clock: Using msrs 4b564d01 and 4b564d00
[    0.000000] kvm-clock: cpu 0, msr 0:3ffe3001, primary cpu clock
[    0.000000] kvm-clock: using sched offset of 3045535915 cycles
[    0.000000] clocksource: kvm-clock: mask: 0xffffffffffffffff max_cycles: 0x1cd42e4dffb, max_idle_ns: 881590591483 ns
[    0.000000] Zone ranges:
[    0.000000]   DMA      [mem 0x0000000000001000-0x0000000000ffffff]
[    0.000000]   DMA32    [mem 0x0000000001000000-0x000000003ffeffff]
[    0.000000]   Normal   empty
[    0.000000]   Device   empty
[    0.000000] Movable zone start for each node
[    0.000000] Early memory node ranges
[    0.000000]   node   0: [mem 0x0000000000001000-0x000000000009efff]
[    0.000000]   node   0: [mem 0x0000000000100000-0x000000003ffeffff]
[    0.000000] Initmem setup node 0 [mem 0x0000000000001000-0x000000003ffeffff]
[    0.000000] ACPI: PM-Timer IO Port: 0x4008
[    0.000000] IOAPIC[0]: apic_id 2, version 32, address 0xfec00000, GSI 0-23
[    0.000000] ACPI: INT_SRC_OVR (bus 0 bus_irq 0 global_irq 2 dfl dfl)
[    0.000000] ACPI: INT_SRC_OVR (bus 0 bus_irq 9 global_irq 9 low level)
[    0.000000] Using ACPI (MADT) for SMP configuration information
[    0.000000] smpboot: Allowing 2 CPUs, 0 hotplug CPUs
[    0.000000] PM: Registered nosave memory: [mem 0x00000000-0x00000fff]
[    0.000000] PM: Registered nosave memory: [mem 0x0009f000-0x0009ffff]
[    0.000000] PM: Registered nosave memory: [mem 0x000a0000-0x000effff]
[    0.000000] PM: Registered nosave memory: [mem 0x000f0000-0x000fffff]
[    0.000000] e820: [mem 0x40000000-0xfebfffff] available for PCI devices
[    0.000000] Booting paravirtualized kernel on KVM
[    0.000000] clocksource: refined-jiffies: mask: 0xffffffff max_cycles: 0xffffffff, max_idle_ns: 7645519600211568 ns
[    0.000000] setup_percpu: NR_CPUS:512 nr_cpumask_bits:512 nr_cpu_ids:2 nr_node_ids:1
[    0.000000] PERCPU: Embedded 33 pages/cpu @ffff88003fc00000 s95512 r8192 d31464 u1048576
[    0.000000] Built 1 zonelists in Node order, mobility grouping on.  Total pages: 257912
[    0.000000] Policy zone: DMA32
[    0.000000] Kernel command line: BOOT_IMAGE=/boot/vmlinuz-4.4.0-197-generic root=LABEL=cloudimg-rootfs ro console=tty1 console=ttyS0
[    0.000000] PID hash table entries: 4096 (order: 3, 32768 bytes)
[    0.000000] Memory: 997652K/1048120K available (8637K kernel code, 1347K rwdata, 4032K rodata, 1492K init, 1296K bss, 50468K reserved, 0K cma-reserved)
[    0.000000] SLUB: HWalign=64, Order=0-3, MinObjects=0, CPUs=2, Nodes=1
[    0.000000] Kernel/User page tables isolation: enabled
[    0.000000] Hierarchical RCU implementation.
[    0.000000] 	Build-time adjustment of leaf fanout to 64.
[    0.000000] 	RCU restricting CPUs from NR_CPUS=512 to nr_cpu_ids=2.
[    0.000000] RCU: Adjusting geometry for rcu_fanout_leaf=64, nr_cpu_ids=2
[    0.000000] NR_IRQS:33024 nr_irqs:440 16
[    0.000000] Console: colour VGA+ 80x25
[    0.000000] console [tty1] enabled
[    0.000000] console [ttyS0] enabled
[    0.000000] tsc: Detected 2399.998 MHz processor
[    0.080759] Calibrating delay loop (skipped) preset value.. 4799.99 BogoMIPS (lpj=9599992)
[    0.081802] pid_max: default: 32768 minimum: 301
[    0.082383] ACPI: Core revision 20150930
[    0.083411] ACPI: 2 ACPI AML tables successfully acquired and loaded
[    0.084201] Security Framework initialized
[    0.084765] Yama: becoming mindful.
[    0.085253] AppArmor: AppArmor initialized
[    0.085890] Dentry cache hash table entries: 131072 (order: 8, 1048576 bytes)
[    0.087133] Inode-cache hash table entries: 65536 (order: 7, 524288 bytes)
[    0.087891] Mount-cache hash table entries: 2048 (order: 2, 16384 bytes)
[    0.088673] Mountpoint-cache hash table entries: 2048 (order: 2, 16384 bytes)
[    0.089489] Initializing cgroup subsys io
[    0.090110] Initializing cgroup subsys memory
[    0.090632] Initializing cgroup subsys devices
[    0.091198] Initializing cgroup subsys freezer
[    0.091709] Initializing cgroup subsys net_cls
[    0.092232] Initializing cgroup subsys perf_event
[    0.092791] Initializing cgroup subsys net_prio
[    0.093418] Initializing cgroup subsys hugetlb
[    0.093982] Initializing cgroup subsys pids
[    0.095448] mce: CPU supports 0 MCE banks
[    0.095977] Last level iTLB entries: 4KB 64, 2MB 8, 4MB 8
[    0.096619] Last level dTLB entries: 4KB 64, 2MB 0, 4MB 0, 1GB 4
[    0.097242] Spectre V1 : Mitigation: usercopy/swapgs barriers and __user pointer sanitization
[    0.098252] Spectre V2 : Mitigation: Full generic retpoline
[    0.098839] Spectre V2 : Spectre v2 / SpectreRSB mitigation: Filling RSB on context switch
[    0.099768] Speculative Store Bypass: Vulnerable
[    0.100313] SRBDS: Unknown: Dependent on hypervisor status
[    0.101045] MDS: Mitigation: Clear CPU buffers
[    0.103423] Freeing SMP alternatives memory: 36K
[    0.108023] ftrace: allocating 32346 entries in 127 pages
[    0.148435] smpboot: APIC(0) Converting physical 0 to logical package 0
[    0.149164] smpboot: Max logical packages: 1
[    0.149891] x2apic enabled
[    0.150406] Switched APIC routing to physical x2apic.
[    0.151692] ..TIMER: vector=0x30 apic1=0 pin1=2 apic2=-1 pin2=-1
[    0.260435] smpboot: CPU0: Intel(R) Xeon(R) E-2286M  CPU @ 2.40GHz (family: 0x6, model: 0x9e, stepping: 0xd)
[    0.261724] Performance Events: unsupported p6 CPU model 158 no PMU driver, software events only.
[    0.270091] KVM setup paravirtual spinlock
[    0.271057] x86: Booting SMP configuration:
[    0.271583] .... node  #0, CPUs:      #1
[    0.272248] kvm-clock: cpu 1, msr 0:3ffe3041, secondary cpu clock
[    0.273652] mce: CPU supports 0 MCE banks
[    0.276035] x86: Booted up 1 node, 2 CPUs
[    0.276707] smpboot: Total of 2 processors activated (9599.99 BogoMIPS)
[    0.277684] devtmpfs: initialized
[    0.279626] evm: security.selinux
[    0.280052] evm: security.SMACK64
[    0.280536] evm: security.SMACK64EXEC
[    0.281084] evm: security.SMACK64TRANSMUTE
[    0.281649] evm: security.SMACK64MMAP
[    0.282185] evm: security.ima
[    0.282648] evm: security.capability
[    0.283302] clocksource: jiffies: mask: 0xffffffff max_cycles: 0xffffffff, max_idle_ns: 7645041785100000 ns
[    0.284453] futex hash table entries: 512 (order: 3, 32768 bytes)
[    0.285309] pinctrl core: initialized pinctrl subsystem
[    0.286073] RTC time: 19:05:23, date: 01/01/21
[    0.286763] NET: Registered protocol family 16
[    0.299335] cpuidle: using governor ladder
[    0.313247] cpuidle: using governor menu
[    0.315425] PCCT header not found.
[    0.317545] ACPI: bus type PCI registered
[    0.319649] acpiphp: ACPI Hot Plug PCI Controller Driver version: 0.5
[    0.322939] PCI: Using configuration type 1 for base access
[    0.339876] ACPI: Added _OSI(Module Device)
[    0.342379] ACPI: Added _OSI(Processor Device)
[    0.344731] ACPI: Added _OSI(3.0 _SCP Extensions)
[    0.347145] ACPI: Added _OSI(Processor Aggregator Device)
[    0.351643] ACPI: Executed 1 blocks of module-level executable AML code
[    0.357770] ACPI: Interpreter enabled
[    0.358987] ACPI: (supports S0 S5)
[    0.360050] ACPI: Using IOAPIC for interrupt routing
[    0.361702] PCI: Using host bridge windows from ACPI; if necessary, use "pci=nocrs" and report a bug
[    0.367980] ACPI: PCI Root Bridge [PCI0] (domain 0000 [bus 00-ff])
[    0.369170] acpi PNP0A03:00: _OSC: OS supports [ASPM ClockPM Segments MSI]
[    0.370784] acpi PNP0A03:00: _OSC: not requesting OS control; OS requires [ExtendedConfig ASPM ClockPM MSI]
[    0.372534] acpi PNP0A03:00: fail to add MMCONFIG information, can't access extended PCI configuration space under this bridge.
[    0.374677] PCI host bridge to bus 0000:00
[    0.375414] pci_bus 0000:00: root bus resource [io  0x0000-0x0cf7 window]
[    0.376488] pci_bus 0000:00: root bus resource [io  0x0d00-0xffff window]
[    0.377488] pci_bus 0000:00: root bus resource [mem 0x000a0000-0x000bffff window]
[    0.378676] pci_bus 0000:00: root bus resource [mem 0x40000000-0xfdffffff window]
[    0.379857] pci_bus 0000:00: root bus resource [bus 00-ff]
[    0.381959] pci 0000:00:01.1: legacy IDE quirk: reg 0x10: [io  0x01f0-0x01f7]
[    0.382845] pci 0000:00:01.1: legacy IDE quirk: reg 0x14: [io  0x03f6]
[    0.383686] pci 0000:00:01.1: legacy IDE quirk: reg 0x18: [io  0x0170-0x0177]
[    0.391116] pci 0000:00:01.1: legacy IDE quirk: reg 0x1c: [io  0x0376]
[    0.399281] pci 0000:00:07.0: quirk: [io  0x4000-0x403f] claimed by PIIX4 ACPI
[    0.400169] pci 0000:00:07.0: quirk: [io  0x4100-0x410f] claimed by PIIX4 SMB
[    0.405188] ACPI: PCI Interrupt Link [LNKA] (IRQs 5 9 10 *11)
[    0.406402] ACPI: PCI Interrupt Link [LNKB] (IRQs 5 9 *10 11)
[    0.407392] ACPI: PCI Interrupt Link [LNKC] (IRQs 5 *9 10 11)
[    0.408312] ACPI: PCI Interrupt Link [LNKD] (IRQs 5 9 10 *11)
[    0.409266] ACPI: Enabled 2 GPEs in block 00 to 07
[    0.410117] vgaarb: setting as boot device: PCI:0000:00:02.0
[    0.410770] vgaarb: device added: PCI:0000:00:02.0,decodes=io+mem,owns=io+mem,locks=none
[    0.411784] vgaarb: loaded
[    0.412169] vgaarb: bridge control possible 0000:00:02.0
[    0.412968] SCSI subsystem initialized
[    0.413587] ACPI: bus type USB registered
[    0.414205] usbcore: registered new interface driver usbfs
[    0.414860] usbcore: registered new interface driver hub
[    0.415474] usbcore: registered new device driver usb
[    0.416323] PCI: Using ACPI for IRQ routing
[    0.417411] NetLabel: Initializing
[    0.417903] NetLabel:  domain hash size = 128
[    0.418456] NetLabel:  protocols = UNLABELED CIPSOv4
[    0.419039] NetLabel:  unlabeled traffic allowed by default
[    0.419759] amd_nb: Cannot enumerate AMD northbridges
[    0.420428] clocksource: Switched to clocksource kvm-clock
[    0.425156] AppArmor: AppArmor Filesystem Enabled
[    0.425777] pnp: PnP ACPI init
[    0.426688] pnp: PnP ACPI: found 3 devices
[    0.434532] clocksource: acpi_pm: mask: 0xffffff max_cycles: 0xffffff, max_idle_ns: 2085701024 ns
[    0.435600] NET: Registered protocol family 2
[    0.436220] TCP established hash table entries: 8192 (order: 4, 65536 bytes)
[    0.437017] TCP bind hash table entries: 8192 (order: 5, 131072 bytes)
[    0.437713] TCP: Hash tables configured (established 8192 bind 8192)
[    0.438485] UDP hash table entries: 512 (order: 2, 16384 bytes)
[    0.439173] UDP-Lite hash table entries: 512 (order: 2, 16384 bytes)
[    0.439918] NET: Registered protocol family 1
[    0.440437] pci 0000:00:00.0: Limiting direct PCI/PCI transfers
[    0.441103] pci 0000:00:01.0: Activating ISA DMA hang workarounds
[    0.441848] Unpacking initramfs...
[    0.588112] Freeing initrd memory: 14884K
[    0.588752] clocksource: tsc: mask: 0xffffffffffffffff max_cycles: 0x229835b7123, max_idle_ns: 440795242976 ns
[    0.590002] platform rtc_cmos: registered platform RTC device (no PNP device found)
[    0.590960] Scanning for low memory corruption every 60 seconds
[    0.591952] audit: initializing netlink subsys (disabled)
[    0.592679] audit: type=2000 audit(1609527928.173:1): initialized
[    0.593571] Initialise system trusted keyring
[    0.594302] HugeTLB registered 2 MB page size, pre-allocated 0 pages
[    0.595771] zbud: loaded
[    0.596407] VFS: Disk quotas dquot_6.6.0
[    0.596960] VFS: Dquot-cache hash table entries: 512 (order 0, 4096 bytes)
[    0.597963] squashfs: version 4.0 (2009/01/31) Phillip Lougher
[    0.598823] fuse init (API version 7.23)
[    0.599454] Key type big_key registered
[    0.599945] Allocating IMA MOK and blacklist keyrings.
[    0.601363] Key type asymmetric registered
[    0.601994] Asymmetric key parser 'x509' registered
[    0.602618] Block layer SCSI generic (bsg) driver version 0.4 loaded (major 249)
[    0.603615] io scheduler noop registered
[    0.604141] io scheduler deadline registered (default)
[    0.604790] io scheduler cfq registered
[    0.605436] pci_hotplug: PCI Hot Plug PCI Core version: 0.5
[    0.606157] pciehp: PCI Express Hot Plug Controller Driver version: 0.4
[    0.606927] ACPI: AC Adapter [AC] (on-line)
[    0.607456] input: Power Button as /devices/LNXSYSTM:00/LNXPWRBN:00/input/input0
[    0.608368] ACPI: Power Button [PWRF]
[    0.608911] input: Sleep Button as /devices/LNXSYSTM:00/LNXSLPBN:00/input/input1
[    0.609915] ACPI: Sleep Button [SLPF]
[    0.610507] GHES: HEST is not enabled!
[    0.611095] Serial: 8250/16550 driver, 32 ports, IRQ sharing enabled
[    0.632076] 00:02: ttyS0 at I/O 0x3f8 (irq = 4, base_baud = 115200) is a 16550A
[    0.634765] Linux agpgart interface v0.103
[    0.636299] loop: module loaded
[    0.637107] scsi host0: ata_piix
[    0.637653] scsi host1: ata_piix
[    0.638187] ata1: PATA max UDMA/33 cmd 0x1f0 ctl 0x3f6 bmdma 0xd000 irq 14
[    0.638968] ata2: PATA max UDMA/33 cmd 0x170 ctl 0x376 bmdma 0xd008 irq 15
[    0.639942] libphy: Fixed MDIO Bus: probed
[    0.640440] tun: Universal TUN/TAP device driver, 1.6
[    0.641101] tun: (C) 1999-2004 Max Krasnyansky <maxk@qualcomm.com>
[    0.641943] PPP generic driver version 2.4.2
[    0.642616] ehci_hcd: USB 2.0 'Enhanced' Host Controller (EHCI) Driver
[    0.643383] ehci-pci: EHCI PCI platform driver
[    0.643903] ehci-platform: EHCI generic platform driver
[    0.644554] ohci_hcd: USB 1.1 'Open' Host Controller (OHCI) Driver
[    0.645211] ohci-pci: OHCI PCI platform driver
[    0.645730] ohci-platform: OHCI generic platform driver
[    0.646416] uhci_hcd: USB Universal Host Controller Interface driver
[    0.647122] i8042: PNP: PS/2 Controller [PNP0303:PS2K,PNP0f03:PS2M] at 0x60,0x64 irq 1,12
[    0.648369] serio: i8042 KBD port at 0x60,0x64 irq 1
[    0.648982] serio: i8042 AUX port at 0x60,0x64 irq 12
[    0.649777] mousedev: PS/2 mouse device common for all mice
[    0.650825] input: AT Translated Set 2 keyboard as /devices/platform/i8042/serio0/input/input2
[    0.652149] rtc_cmos rtc_cmos: rtc core: registered rtc_cmos as rtc0
[    0.652913] rtc_cmos rtc_cmos: alarms up to one day, 114 bytes nvram
[    0.653615] i2c /dev entries driver
[    0.654131] device-mapper: uevent: version 1.0.3
[    0.654786] device-mapper: ioctl: 4.34.0-ioctl (2015-10-28) initialised: dm-devel@redhat.com
[    0.655933] ledtrig-cpu: registered to indicate activity on CPUs
[    0.656923] NET: Registered protocol family 10
[    0.657647] NET: Registered protocol family 17
[    0.658240] Key type dns_resolver registered
[    0.659001] registered taskstats version 1
[    0.659500] Loading compiled-in X.509 certificates
[    0.660536] Loaded X.509 cert 'Build time autogenerated kernel key: 34492021b4051d5295bb5f61ac4b8fe0de34ccb2'
[    0.661695] zswap: loaded using pool lzo/zbud
[    0.663410] Key type trusted registered
[    0.666368] Key type encrypted registered
[    0.666856] AppArmor: AppArmor sha1 policy hashing enabled
[    0.667527] ima: No TPM chip found, activating TPM-bypass!
[    0.668151] ima: Allocated hash algorithm: sha1
[    0.668698] evm: HMAC attrs: 0x1
[    0.669385]   Magic number: 5:571:90
[    0.670036] rtc_cmos rtc_cmos: setting system clock to 2021-01-01 19:05:23 UTC (1609527923)
[    0.671217] BIOS EDD facility v0.16 2004-Jun-25, 0 devices found
[    0.671881] EDD information not available.
[    0.818362] Freeing unused kernel memory: 1492K
[    0.818947] Write protecting the kernel read-only data: 14336k
[    0.819961] Freeing unused kernel memory: 1592K
[    0.820750] Freeing unused kernel memory: 64K
Loading, please wait...
starting version 229
[    0.830782] random: systemd-udevd: uninitialized urandom read (16 bytes read, 1 bits of entropy available)
[    0.831154] random: udevadm: uninitialized urandom read (16 bytes read, 1 bits of entropy available)
[    0.831166] random: udevadm: uninitialized urandom read (16 bytes read, 1 bits of entropy available)
[    0.834202] random: systemd-udevd: uninitialized urandom read (16 bytes read, 1 bits of entropy available)
[    0.835360] random: systemd-udevd: uninitialized urandom read (16 bytes read, 1 bits of entropy available)
[    0.836390] random: udevadm: uninitialized urandom read (16 bytes read, 1 bits of entropy available)
[    0.836418] random: udevadm: uninitialized urandom read (16 bytes read, 1 bits of entropy available)
[    0.836568] random: udevadm: uninitialized urandom read (16 bytes read, 1 bits of entropy available)
[    0.836600] random: udevadm: uninitialized urandom read (16 bytes read, 1 bits of entropy available)
[    0.836633] random: udevadm: uninitialized urandom read (16 bytes read, 1 bits of entropy available)
[    0.866960] e1000: Intel(R) PRO/1000 Network Driver - version 7.3.21-k8-NAPI
[    0.867726] e1000: Copyright (c) 1999-2006 Intel Corporation.
[    0.876290] Fusion MPT base driver 3.04.20
[    0.876901] Copyright (c) 1999-2008 LSI Corporation
[    0.879877] AVX2 version of gcm_enc/dec engaged.
[    0.880457] AES CTR mode by8 optimization enabled
[    0.883939] Fusion MPT SPI Host driver 3.04.20
[    1.080015] input: ImExPS/2 Generic Explorer Mouse as /devices/platform/i8042/serio1/input/input4
[    1.199893] e1000 0000:00:03.0 eth0: (PCI:33MHz:32-bit) 02:8b:9b:7c:43:4a
[    1.200665] e1000 0000:00:03.0 eth0: Intel(R) PRO/1000 Network Connection
[    1.202052] mptbase: ioc0: Initiating bringup
[    1.264602] ioc0: LSI53C1030 A0: Capabilities={Initiator}
[    1.432328] scsi host2: ioc0: LSI53C1030 A0, FwRev=00000000h, Ports=1, MaxQ=256, IRQ=20
[    1.553856] scsi 2:0:0:0: Direct-Access     VBOX     HARDDISK         1.0  PQ: 0 ANSI: 5
[    1.559043] scsi target2:0:0: Beginning Domain Validation
[    1.560596] scsi target2:0:0: Domain Validation skipping write tests
[    1.561246] scsi target2:0:0: Ending Domain Validation
[    1.561891] scsi target2:0:0: asynchronous
[    1.562853] scsi 2:0:1:0: Direct-Access     VBOX     HARDDISK         1.0  PQ: 0 ANSI: 5
[    1.563826] scsi target2:0:1: Beginning Domain Validation
[    1.565091] scsi target2:0:1: Domain Validation skipping write tests
[    1.565779] scsi target2:0:1: Ending Domain Validation
[    1.566384] scsi target2:0:1: asynchronous
[    1.569428] sd 2:0:0:0: [sda] 20971520 512-byte logical blocks: (10.7 GB/10.0 GiB)
[    1.569542] sd 2:0:0:0: Attached scsi generic sg0 type 0
[    1.576602] sd 2:0:1:0: Attached scsi generic sg1 type 0
[    1.576726] sd 2:0:1:0: [sdb] 20480 512-byte logical blocks: (10.5 MB/10.0 MiB)
[    1.576811] sd 2:0:1:0: [sdb] Write Protect is off
[    1.576861] sd 2:0:1:0: [sdb] Incomplete mode parameter data
[    1.576861] sd 2:0:1:0: [sdb] Assuming drive cache: write through
[    1.579004] sd 2:0:1:0: [sdb] Attached SCSI disk
[    1.584564] sd 2:0:0:0: [sda] Write Protect is off
[    1.585277] sd 2:0:0:0: [sda] Incomplete mode parameter data
[    1.585948] sd 2:0:0:0: [sda] Assuming drive cache: write through
[    1.587835]  sda: sda1
[    1.588744] sd 2:0:0:0: [sda] Attached SCSI disk
[    1.882062] e1000 0000:00:08.0 eth1: (PCI:33MHz:32-bit) 08:00:27:b5:da:30
[    1.883791] e1000 0000:00:08.0 eth1: Intel(R) PRO/1000 Network Connection
[    1.886651] e1000 0000:00:03.0 enp0s3: renamed from eth0
[    1.899937] e1000 0000:00:08.0 enp0s8: renamed from eth1
Begin: Loading essential drivers ... [    3.139964] md: linear personality registered for level -1
[    3.142131] md: multipath personality registered for level -4
[    3.144164] md: raid0 personality registered for level 0
[    3.146874] md: raid1 personality registered for level 1
[    3.236287] raid6: sse2x1   gen() 16018 MB/s
[    3.308941] raid6: sse2x1   xor() 10145 MB/s
[    3.380464] raid6: sse2x2   gen() 19207 MB/s
[    3.452663] raid6: sse2x2   xor() 12718 MB/s
[    3.520853] raid6: sse2x4   gen() 21137 MB/s
[    3.600883] raid6: sse2x4   xor() 15667 MB/s
[    3.681153] raid6: avx2x1   gen() 33994 MB/s
[    3.756157] raid6: avx2x2   gen() 40472 MB/s
[    3.832916] raid6: avx2x4   gen() 45367 MB/s
[    3.833537] raid6: using algorithm avx2x4 gen() 45367 MB/s
[    3.834237] raid6: using avx2x2 recovery algorithm
[    3.835507] xor: automatically using best checksumming function:
[    3.924739]    avx       : 123243.000 MB/sec
[    3.926172] async_tx: api initialized (async)
[    3.932494] md: raid6 personality registered for level 6
[    3.933186] md: raid5 personality registered for level 5
[    3.933903] md: raid4 personality registered for level 4
[    3.939254] md: raid10 personality registered for level 10
done.
Begin: Running /scripts/init-premount ... done.
Begin: Mounting root file system ... Begin: Running /scripts/local-top ... done.
Begin: Running /scripts/local-premount ... [    3.959465] Btrfs loaded
Scanning for Btrfs filesystems
done.
Warning: fsck not present, so skipping root file system
[    3.985852] EXT4-fs (sda1): mounted filesystem with ordered data mode. Opts: (null)
done.
Begin: Running /scripts/local-bottom ... done.
Begin: Running /scripts/init-bottom ... done.
[    4.082440] systemd[1]: systemd 229 running in system mode. (+PAM +AUDIT +SELINUX +IMA +APPARMOR +SMACK +SYSVINIT +UTMP +LIBCRYPTSETUP +GCRYPT +GNUTLS +ACL +XZ -LZ4 +SECCOMP +BLKID +ELFUTILS +KMOD -IDN)
[    4.087275] systemd[1]: Detected virtualization oracle.
[    4.088760] systemd[1]: Detected architecture x86-64.

Welcome to [1mUbuntu 16.04.7 LTS[0m!

[    4.094157] systemd[1]: Set hostname to <ubuntu-xenial>.
[    4.230196] systemd[1]: Started Trigger resolvconf update for networkd DNS.
[[0;32m  OK  [0m] Started Trigger resolvconf update for networkd DNS.
[    4.231709] systemd[1]: Listening on /dev/initctl Compatibility Named Pipe.
[[0;32m  OK  [0m] Listening on /dev/initctl Compatibility Named Pipe.
[    4.240701] systemd[1]: Listening on LVM2 metadata daemon socket.
[[0;32m  OK  [0m] Listening on LVM2 metadata daemon socket.
[    4.248795] systemd[1]: Listening on Device-mapper event daemon FIFOs.
[[0;32m  OK  [0m] Listening on Device-mapper event daemon FIFOs.
[    4.256827] systemd[1]: Listening on Journal Socket (/dev/log).
[[0;32m  OK  [0m] Listening on Journal Socket (/dev/log).
[    4.264777] systemd[1]: Reached target Encrypted Volumes.
[[0;32m  OK  [0m] Reached target Encrypted Volumes.
[    4.266360] systemd[1]: Listening on Syslog Socket.
[[0;32m  OK  [0m] Listening on Syslog Socket.
[    4.267834] systemd[1]: Reached target User and Group Name Lookups.
[[0;32m  OK  [0m] Reached target User and Group Name Lookups.
[    4.269956] systemd[1]: Created slice User and Session Slice.
[[0;32m  OK  [0m] Created slice User and Session Slice.
[    4.271686] systemd[1]: Listening on udev Control Socket.
[[0;32m  OK  [0m] Listening on udev Control Socket.
[    4.280790] systemd[1]: Reached target System Time Synchronized.
[[0;32m  OK  [0m] Reached target System Time Synchronized.
[    4.282725] systemd[1]: Set up automount Arbitrary Executable File Formats File System Automount Point.
[[0;32m  OK  [0m] Set up automount Arbitrary Executab...ats File System Automount Point.
[    4.285295] systemd[1]: Listening on udev Kernel Socket.
[[0;32m  OK  [0m] Listening on udev Kernel Socket.
[    4.287086] systemd[1]: Created slice System Slice.
[[0;32m  OK  [0m] Created slice System Slice.
[    4.292992] systemd[1]: Created slice system-serial\x2dgetty.slice.
[[0;32m  OK  [0m] Created slice system-serial\x2dgetty.slice.
[    4.295222] systemd[1]: Reached target Slices.
[[0;32m  OK  [0m] Reached target Slices.
[    4.297937] systemd[1]: Listening on LVM2 poll daemon socket.
[[0;32m  OK  [0m] Listening on LVM2 poll daemon socket.
[    4.304680] systemd[1]: Started Forward Password Requests to Wall Directory Watch.
[[0;32m  OK  [0m] Started Forward Password Requests to Wall Directory Watch.
[    4.312876] systemd[1]: Listening on Journal Audit Socket.
[[0;32m  OK  [0m] Listening on Journal Audit Socket.
[    4.314573] systemd[1]: Reached target Swap.
[[0;32m  OK  [0m] Reached target Swap.
[    4.320732] systemd[1]: Listening on Journal Socket.
[[0;32m  OK  [0m] Listening on Journal Socket.
[    4.336717] systemd[1]: Mounting Huge Pages File System...
         Mounting Huge Pages File System...
[    4.340281] systemd[1]: Starting Load Kernel Modules...
         Starting Load Kernel Modules...
[    4.342979] systemd[1]: Starting Uncomplicated firewall...
         Starting Uncomplicated firewall...
[    4.345472] systemd[1]: Starting Create list of required static device nodes for the current kernel...
         Starting Create list of required st... nodes for the current kernel...
[    4.351015] Loading iSCSI transport class v2.0-870.
[    4.353078] systemd[1]: Starting Set console keymap...
         Starting Set console keymap...
[    4.357617] iscsi: registered transport (tcp)
[    4.361123] ip_tables: (C) 2000-2006 Netfilter Core Team
[    4.361720] systemd[1]: Mounting Debug File System...
         Mounting Debug File System...
[    4.363673] systemd[1]: Starting Journal Service...
         Starting Journal Service...
[    4.365670] systemd[1]: Mounting POSIX Message Queue File System...
         Mounting POSIX Message Queue File System...
[    4.369906] systemd[1]: Starting Monitoring of LVM2 mirrors, snapshots etc. using dmeventd or progress polling...
         Starting Monitoring of LVM2 mirrors... dmeventd or progress polling...
[    4.373279] systemd[1]: Starting Nameserver information manager...
         Starting Nameserver information manager...
[    4.375401] systemd[1]: Starting Remount Root and Kernel File Systems...
         Starting Remount Root and Kernel File Systems...
[    4.377889] nf_conntrack version 0.5.0 (7935 buckets, 31740 max)
[    4.381318] EXT4-fs (sda1): re-mounted. Opts: (null)
[    4.385892] systemd[1]: Mounted POSIX Message Queue File System.
[[0;32m  OK  [0m] Mounted POSIX Message Queue File System.
[    4.387316] systemd[1]: Mounted Debug File System.
[[0;32m  OK  [0m] Mounted Debug File System.
[    4.393209] systemd[1]: Mounted Huge Pages File System.
[[0;32m  OK  [0m] Mounted Huge Pages File System.
[    4.394678] systemd[1]: Started Journal Service.
[[0;32m  OK  [0m] Started Journal Service.
[[0;32m  OK  [0m] Started Create list of required sta...ce nodes for the current kernel.
[[0;32m  OK  [0m] Started Remount Root and Kernel File Systems.
[[0;32m  OK  [0m] Started Nameserver information manager.
[[0;32m  OK  [0m] Started LVM2 metadata daemon.
         Starting udev Coldplug all Devices...
         Starting Load/Save Random Seed...
         Starting Create Static Device Nodes in /dev...
         Starting Flush Journal to Persistent Storage...
[[0;32m  OK  [0m] Started Load/Save Random Seed.
[    4.425457] systemd-journald[388]: Received request to flush runtime journal from PID 1
[    4.427542] ip6_tables: (C) 2000-2006 Netfilter Core Team
[[0;32m  OK  [0m] Started Flush Journal to Persistent Storage.
[    4.434381] iscsi: registered transport (iser)
[[0;32m  OK  [0m] Started Load Kernel Modules.
         Mounting FUSE Control File System...
         Starting Apply Kernel Variables...
[[0;32m  OK  [0m] Mounted FUSE Control File System.
[[0;32m  OK  [0m] Started Set console keymap.
[[0;32m  OK  [0m] Started Create Static Device Nodes in /dev.
[[0;32m  OK  [0m] Started Apply Kernel Variables.
         Starting udev Kernel Device Manager...
[[0;32m  OK  [0m] Started udev Coldplug all Devices.
[[0;32m  OK  [0m] Started udev Kernel Device Manager.
[[0;32m  OK  [0m] Started Dispatch Password Requests to Console Directory Watch.
[[0;32m  OK  [0m] Started Uncomplicated firewall.
[[0;32m  OK  [0m] Found device /dev/ttyS0.
[[0;32m  OK  [0m] Listening on Load/Save RF Kill Switch Status /dev/rfkill Watch.
[[0;32m  OK  [0m] Found device 82540EM Gigabit Ethern...r (PRO/1000 MT Desktop Adapter).
[[0;32m  OK  [0m] Found device 82540EM Gigabit Ethern...r (PRO/1000 MT Desktop Adapter).
[[0;32m  OK  [0m] Started Monitoring of LVM2 mirrors,...ng dmeventd or progress polling.
[[0;32m  OK  [0m] Reached target Local File Systems (Pre).
[[0;32m  OK  [0m] Reached target Local File Systems.
         Starting Initial cloud-init job (pre-networking)...
         Starting LSB: AppArmor initialization...
         Starting Create Volatile Files and Directories...
         Starting Tell Plymouth To Write Out Runtime Data...
         Starting Set console font and keymap...
[[0;32m  OK  [0m] Started Tell Plymouth To Write Out Runtime Data.
[[0;32m  OK  [0m] Started Create Volatile Files and Directories.
         Starting Update UTMP about System Boot/Shutdown...
[[0;32m  OK  [0m] Started Update UTMP about System Boot/Shutdown.
[[0;32m  OK  [0m] Started LSB: AppArmor initialization.
         Starting Load AppArmor profiles managed internally by snapd...
[[0;32m  OK  [0m] Started Load AppArmor profiles managed internally by snapd.
[[0;32m  OK  [0m] Started Set console font and keymap.
[[0;32m  OK  [0m] Created slice system-getty.slice.
[    5.549919] cloud-init[695]: Cloud-init v. 20.3-2-g371b392c-0ubuntu1~16.04.1 running 'init-local' at Fri, 01 Jan 2021 19:05:28 +0000. Up 5.33 seconds.
[[0;32m  OK  [0m] Started Initial cloud-init job (pre-networking).
[[0;32m  OK  [0m] Reached target Network (Pre).
[[0;32m  OK  [0m] Started ifup for enp0s8.
[[0;32m  OK  [0m] Started ifup for enp0s3.
         Starting Raise network interfaces...
[[0;32m  OK  [0m] Started Raise network interfaces.
         Starting Initial cloud-init job (metadata service crawler)...
[[0;32m  OK  [0m] Reached target Network.
[    6.092591] cloud-init[1169]: Cloud-init v. 20.3-2-g371b392c-0ubuntu1~16.04.1 running 'init' at Fri, 01 Jan 2021 19:05:28 +0000. Up 5.92 seconds.
[    6.093864] cloud-init[1169]: ci-info: ++++++++++++++++++++++++++++++++++++++Net device info+++++++++++++++++++++++++++++++++++++++
[    6.095010] cloud-init[1169]: ci-info: +--------+------+-----------------------------+---------------+--------+-------------------+
[    6.096131] cloud-init[1169]: ci-info: | Device |  Up  |           Address           |      Mask     | Scope  |     Hw-Address    |
[    6.097253] cloud-init[1169]: ci-info: +--------+------+-----------------------------+---------------+--------+-------------------+
[    6.098372] cloud-init[1169]: ci-info: | enp0s3 | True |          10.0.2.15          | 255.255.255.0 | global | 02:8b:9b:7c:43:4a |
[    6.099499] cloud-init[1169]: ci-info: | enp0s3 | True |  fe80::8b:9bff:fe7c:434a/64 |       .       |  link  | 02:8b:9b:7c:43:4a |
[    6.100698] cloud-init[1169]: ci-info: | enp0s8 | True |        192.168.33.10        | 255.255.255.0 | global | 08:00:27:b5:da:30 |
[    6.101815] cloud-init[1169]: ci-info: | enp0s8 | True | fe80::a00:27ff:feb5:da30/64 |       .       |  link  | 08:00:27:b5:da:30 |
[    6.102927] cloud-init[1169]: ci-info: |   lo   | True |          127.0.0.1          |   255.0.0.0   |  host  |         .         |
[    6.104078] cloud-init[1169]: ci-info: |   lo   | True |           ::1/128           |       .       |  host  |         .         |
[    6.105204] cloud-init[1169]: ci-info: +--------+------+-----------------------------+---------------+--------+-------------------+
[    6.106315] cloud-init[1169]: ci-info: ++++++++++++++++++++++++++++Route IPv4 info++++++++++++++++++++++++++++
[    6.107316] cloud-init[1169]: ci-info: +-------+--------------+----------+---------------+-----------+-------+
[    6.108334] cloud-init[1169]: ci-info: | Route | Destination  | Gateway  |    Genmask    | Interface | Flags |
[    6.109336] cloud-init[1169]: ci-info: +-------+--------------+----------+---------------+-----------+-------+
[    6.110262] cloud-init[1169]: ci-info: |   0   |   0.0.0.0    | 10.0.2.2 |    0.0.0.0    |   enp0s3  |   UG  |
[    6.111175] cloud-init[1169]: ci-info: |   1   |   10.0.2.0   | 0.0.0.0  | 255.255.255.0 |   enp0s3  |   U   |
[    6.112103] cloud-init[1169]: ci-info: |   2   | 192.168.33.0 | 0.0.0.0  | 255.255.255.0 |   enp0s8  |   U   |
[    6.113120] cloud-init[1169]: ci-info: +-------+--------------+----------+---------------+-----------+-------+
[    6.114178] cloud-init[1169]: ci-info: +++++++++++++++++++Route IPv6 info+++++++++++++++++++
[    6.114997] cloud-init[1169]: ci-info: +-------+-------------+---------+-----------+-------+
[    6.115842] cloud-init[1169]: ci-info: | Route | Destination | Gateway | Interface | Flags |
[    6.116832] cloud-init[1169]: ci-info: +-------+-------------+---------+-----------+-------+
[    6.117714] cloud-init[1169]: ci-info: |   0   |  fe80::/64  |    ::   |   enp0s8  |   U   |
[[0;32m  OK  [0m] Started Initial cloud-init job (metadata service crawler).
[[0;32m  OK  [0m] Reached target Network is Online.
[    6.119352] cloud-init[1169]: ci-info: |   1   |  fe80::/64  |    ::   |   enp0s3  |   U   |
[    6.120362] cloud-init[1169]: ci-info: |   4   |   ff00::/8  |    ::   |   enp0s8  |   U   |
[    6.121295] cloud-init[1169]: ci-info: |   5   |   ff00::/8  |    ::   |   enp0s3  |   U   |
[    6.121996] cloud-init[1169]: ci-info: +-------+-------------+---------+-----------+-------+
         Starting iSCSI initiator daemon (iscsid)...
[[0;32m  OK  [0m] Reached target System Initialization.
[[0;32m  OK  [0m] Started Daily Cleanup of Temporary Directories.
         Starting Socket activation for snappy daemon.
[[0;32m  OK  [0m] Listening on UUID daemon activation socket.
[[0;32m  OK  [0m] Started Message of the Day.
[[0;32m  OK  [0m] Listening on D-Bus System Message Bus Socket.
         Starting LXD - unix socket.
[[0;32m  OK  [0m] Listening on ACPID Listen Socket.
[[0;32m  OK  [0m] Started ACPI Events Check.
[[0;32m  OK  [0m] Reached target Paths.
[[0;32m  OK  [0m] Started Daily apt download activities.
[[0;32m  OK  [0m] Started Daily apt upgrade and clean activities.
[[0;32m  OK  [0m] Reached target Timers.
[[0;32m  OK  [0m] Reached target Cloud-config availability.
[[0;32m  OK  [0m] Listening on Socket activation for snappy daemon.
[[0;32m  OK  [0m] Listening on LXD - unix socket.
[[0;32m  OK  [0m] Reached target Sockets.
[[0;32m  OK  [0m] Reached target Basic System.
[[0;32m  OK  [0m] Started Regular background program processing daemon.
         Starting Accounts Service...
[[0;32m  OK  [0m] Started Deferred execution scheduler.
         Starting LSB: Record successful boot for GRUB...
         Starting Login Service...
         Starting System Logging Service...
         Starting LSB: MD monitoring daemon...
[[0;32m  OK  [0m] Started D-Bus System Message Bus.
         Starting Virtualbox guest utils...
         Starting A high performance web server and a reverse proxy server...
[[0;32m  OK  [0m] Started FUSE filesystem for LXC.
         Starting OpenBSD Secure Shell server...
         Starting MySQL Community Server...
         Starting Snap Daemon...
         Starting /etc/rc.local Compatibility...
[[0;32m  OK  [0m] Started ACPI event daemon.
[[0;32m  OK  [0m] Started Supervisor process control system for UNIX.
         Starting LXD - container startup/shutdown...
[[0;32m  OK  [0m] Started System Logging Service.
[[0;32m  OK  [0m] Started iSCSI initiator daemon (iscsid).
[[0;32m  OK  [0m] Started /etc/rc.local Compatibility.
[[0;32m  OK  [0m] Started Login Service.
[[0;32m  OK  [0m] Started Unattended Upgrades Shutdown.
         Starting Authenticate and Authorize Users to Run Privileged Tasks...
         Starting Login to default iSCSI targets...
[[0;32m  OK  [0m] Started LSB: MD monitoring daemon.
[[0;32m  OK  [0m] Started LSB: Record successful boot for GRUB.
[[0;32m  OK  [0m] Started Authenticate and Authorize Users to Run Privileged Tasks.
[[0;32m  OK  [0m] Started Accounts Service.
[[0;32m  OK  [0m] Started Login to default iSCSI targets.
[[0;32m  OK  [0m] Reached target Remote File Systems (Pre).
[[0;32m  OK  [0m] Reached target Remote File Systems.
         Starting LSB: automatic crash report generation...
         Starting LSB: Set the CPU Frequency Scaling governor to "ondemand"...
         Starting LSB: daemon to balance interrupts for SMP systems...
         Starting Permit User Sessions...
[[0;32m  OK  [0m] Started Permit User Sessions.
         Starting Terminate Plymouth Boot Screen...
         Starting Hold until boot process finishes up...
[[0;32m  OK  [0m] Started Hold until boot process finishes up.
[[0;32m  OK  [0m] Started Getty on tty1.
         Starting Set console scheme...
[[0;32m  OK  [0m] Started Serial Getty on ttyS0.
[[0;32m  OK  [0m] Reached target Login Prompts.
[[0;32m  OK  [0m] Started LSB: Set the CPU Frequency Scaling governor to "ondemand".
[[0;32m  OK  [0m] Started Terminate Plymouth Boot Screen.
[[0;32m  OK  [0m] Started Set console scheme.
[[0;32m  OK  [0m] Started OpenBSD Secure Shell server.
[[0;32m  OK  [0m] Started LSB: automatic crash report generation.
[[0;32m  OK  [0m] Started Virtualbox guest utils.
[[0;32m  OK  [0m] Started LSB: daemon to balance interrupts for SMP systems.
[[0;32m  OK  [0m] Started A high performance web server and a reverse proxy server.
[[0;32m  OK  [0m] Started LXD - container startup/shutdown.
[[0;32m  OK  [0m] Started Snap Daemon.
         Starting Wait until snapd is fully seeded...
[[0;32m  OK  [0m] Started Wait until snapd is fully seeded.
         Starting Apply the settings specified in cloud-config...
[    6.841706] cloud-init[1461]: Cloud-init v. 20.3-2-g371b392c-0ubuntu1~16.04.1 running 'modules:config' at Fri, 01 Jan 2021 19:05:29 +0000. Up 6.73 seconds.
[[0;32m  OK  [0m] Started Apply the settings specified in cloud-config.
[[0;32m  OK  [0m] Started MySQL Community Server.
         Starting LSB: Postfix Mail Transport Agent...
[[0;32m  OK  [0m] Started LSB: Postfix Mail Transport Agent.
[[0;32m  OK  [0m] Reached target Multi-User System.
         Starting Execute cloud user/final scripts...
[[0;32m  OK  [0m] Reached target Mail Transport Agent.
[[0;32m  OK  [0m] Reached target Graphical Interface.
         Starting Update UTMP about System Runlevel Changes...
[[0;32m  OK  [0m] Started Update UTMP about System Runlevel Changes.
[    7.959381] cloud-init[1622]: Cloud-init v. 20.3-2-g371b392c-0ubuntu1~16.04.1 running 'modules:final' at Fri, 01 Jan 2021 19:05:30 +0000. Up 7.86 seconds.
[    7.960720] cloud-init[1622]: Cloud-init v. 20.3-2-g371b392c-0ubuntu1~16.04.1 finished at Fri, 01 Jan 2021 19:05:30 +0000. Datasource DataSourceNoCloud [seed=/dev/sdb][dsmode=net].  Up 7.95 seconds
[[0;32m  OK  [0m] Started Execute cloud user/final scripts.
[[0;32m  OK  [0m] Reached target Cloud-init target.

Ubuntu 16.04.7 LTS ubuntu-xenial ttyS0

ubuntu-xenial login: 